{
  "schema_version": 1,
  "dataset_path": "runs/experience_pool_v1/stage2/sft/train.jsonl",
  "dataset_sha256": "1bb70aa425ee479b816caba612af7b58e30881891b9f170c0154bd75f366c18a",
  "dataset_bytes": 149523733,
  "source_episode_root": "runs/experience_pool_v1/stage1/I",
  "experience_path": "reports/experience_v2/exp_v3.json",
  "experience_sha256": "a6be7a11e341c278026aa484ac9834de2c041a475d3b7f60f00b225de4286ad6",
  "example_count": 32464,
  "source_success_episode_count": 2786,
  "source_task_count": 2786,
  "planner_override_example_count": 28425,
  "task_type_example_counts": {
    "look_at_obj_in_light": 2336,
    "pick_and_place_simple": 6015,
    "pick_clean_then_place_in_recep": 5652,
    "pick_cool_then_place_in_recep": 5388,
    "pick_heat_then_place_in_recep": 4435,
    "pick_two_obj_and_place": 8638
  },
  "selection": "every action in every native-success Episode",
  "target": "planner-final admissible action"
}
