{
  "status": "passed",
  "protocol_role": "development",
  "report_dir": "reports/experience_v4/qwen3_1.7b_valid_train_all_200",
  "same_task_ids": true,
  "experience_evidence_task_overlap": 34,
  "excluded_source_task_overlap": null,
  "excluded_source_task_count": 0,
  "discovery_task_count": 200,
  "variants": [
    {
      "variant": "I",
      "episode_count": 200,
      "step_count": 3100,
      "success_count": 158,
      "task_type_counts": {
        "look_at_obj_in_light": 19,
        "pick_and_place_simple": 46,
        "pick_clean_then_place_in_recep": 37,
        "pick_cool_then_place_in_recep": 28,
        "pick_heat_then_place_in_recep": 25,
        "pick_two_obj_and_place": 45
      },
      "experience_override_count": 2636,
      "experience_overrides_by_task_type": {
        "look_at_obj_in_light": 380,
        "pick_and_place_simple": 391,
        "pick_clean_then_place_in_recep": 433,
        "pick_cool_then_place_in_recep": 405,
        "pick_heat_then_place_in_recep": 287,
        "pick_two_obj_and_place": 740
      },
      "experience_rule_use_counts": {
        "diversify-location-types": 821,
        "novelty-before-revisit": 1674,
        "ordered-task-recipe": 724,
        "target-object-lock": 238
      },
      "experience_override_reason_counts": {
        "deliver_completed_target": 215,
        "execute_required_clean": 36,
        "execute_required_cool": 23,
        "execute_required_heat": 23,
        "explore_unvisited_location": 356,
        "explore_unvisited_location_type": 821,
        "navigate_to_clean_appliance": 36,
        "navigate_to_cool_appliance": 23,
        "navigate_to_heat_appliance": 24,
        "navigate_to_target_destination": 344,
        "open_unsearched_current_receptacle": 497,
        "release_non_target_inventory": 13,
        "take_visible_target_object": 225
      },
      "used_experience_rule_ids": [
        "diversify-location-types",
        "novelty-before-revisit",
        "ordered-task-recipe",
        "target-object-lock"
      ]
    }
  ],
  "totals": {
    "episodes": 200,
    "steps": 3100,
    "successes": 158
  }
}
